../Core/Src/main.c:66:6:delay_us	16	static
../Core/Src/main.c:74:7:HCSR04_Read	16	static
../Core/Src/main.c:111:6:W25Q_WriteEnable	16	static
../Core/Src/main.c:122:6:W25Q_SectorErase	24	static
../Core/Src/main.c:142:6:W25Q_WriteData	32	static
../Core/Src/main.c:164:6:W25Q_ReadData	32	static
../Core/Src/main.c:183:6:SensorTask	24	static
../Core/Src/main.c:208:6:AlertTask	24	static
../Core/Src/main.c:236:6:UARTTask	176	static
../Core/Src/main.c:289:6:FlashTask	144	static
../Core/Src/main.c:357:5:main	16	static
../Core/Src/main.c:423:6:SystemClock_Config	88	static
../Core/Src/main.c:464:13:MX_SPI1_Init	8	static
../Core/Src/main.c:497:13:MX_TIM2_Init	32	static
../Core/Src/main.c:537:13:MX_USART2_UART_Init	8	static
../Core/Src/main.c:565:13:MX_GPIO_Init	48	static
../Core/Src/main.c:610:6:HAL_TIM_PeriodElapsedCallback	16	static
../Core/Src/main.c:624:6:Error_Handler	4	static,ignoring_inline_asm
