../Core/Src/main.c:66:6:delay_us	2
../Core/Src/main.c:74:7:HCSR04_Read	5
../Core/Src/main.c:111:6:W25Q_WriteEnable	1
../Core/Src/main.c:122:6:W25Q_SectorErase	1
../Core/Src/main.c:142:6:W25Q_WriteData	1
../Core/Src/main.c:164:6:W25Q_ReadData	1
../Core/Src/main.c:183:6:SensorTask	2
../Core/Src/main.c:208:6:AlertTask	3
../Core/Src/main.c:236:6:UARTTask	3
../Core/Src/main.c:289:6:FlashTask	4
../Core/Src/main.c:357:5:main	1
../Core/Src/main.c:423:6:SystemClock_Config	3
../Core/Src/main.c:464:13:MX_SPI1_Init	2
../Core/Src/main.c:497:13:MX_TIM2_Init	4
../Core/Src/main.c:537:13:MX_USART2_UART_Init	2
../Core/Src/main.c:565:13:MX_GPIO_Init	1
../Core/Src/main.c:610:6:HAL_TIM_PeriodElapsedCallback	2
../Core/Src/main.c:624:6:Error_Handler	1
