../Core/Src/main.c:39:6:printmsg	24	static
../Core/Src/main.c:47:5:main	16	static
../Core/Src/main.c:81:6:vHandlerTask	72	static
../Core/Src/main.c:94:6:vPeriodicTask	16	static
../Core/Src/main.c:111:6:EXTI0_IRQHandler	8	static
../Core/Src/main.c:116:6:HAL_GPIO_EXTI_Callback	24	static,ignoring_inline_asm
../Core/Src/main.c:132:6:rtos_delay	24	static
../Core/Src/main.c:141:13:prvSetupUart	16	static
../Core/Src/main.c:160:13:prvSetupHardware	8	static
../Core/Src/main.c:168:13:prvSetupGPIO	40	static
../Core/Src/main.c:196:6:SystemClock_Config	88	static
../Core/Src/main.c:238:6:Error_Handler	4	static,ignoring_inline_asm
