../Src/ultrasonic_interrupt_print.c:20:5:ITM_SendChar	16	static
../Src/ultrasonic_interrupt_print.c:32:5:_write	32	static
../Src/ultrasonic_interrupt_print.c:43:6:delay	16	static
../Src/ultrasonic_interrupt_print.c:52:5:main	8	static
../Src/ultrasonic_interrupt_print.c:73:6:EXTI0_IRQHandler	8	static
../Src/ultrasonic_interrupt_print.c:79:10:get_distance	24	static
../Src/ultrasonic_interrupt_print.c:113:6:delay_us	24	static,ignoring_inline_asm
../Src/ultrasonic_interrupt_print.c:120:6:gpio_init	56	static
