Archive member included to satisfy reference by file (symbol)

C:/ST/STM32CubeIDE_1.18.0/STM32CubeIDE/plugins/com.st.stm32cube.ide.mcu.externaltools.gnu-tools-for-stm32.13.3.rel1.win32_1.0.0.202411081344/tools/bin/../lib/gcc/arm-none-eabi/13.3.1/../../../../arm-none-eabi/lib/thumb/v7e-m+fp/hard\libc_nano.a(libc_a-exit.o)
                              C:/ST/STM32CubeIDE_1.18.0/STM32CubeIDE/plugins/com.st.stm32cube.ide.mcu.externaltools.gnu-tools-for-stm32.13.3.rel1.win32_1.0.0.202411081344/tools/bin/../lib/gcc/arm-none-eabi/13.3.1/../../../../arm-none-eabi/lib/thumb/v7e-m+fp/hard/crt0.o (exit)
C:/ST/STM32CubeIDE_1.18.0/STM32CubeIDE/plugins/com.st.stm32cube.ide.mcu.externaltools.gnu-tools-for-stm32.13.3.rel1.win32_1.0.0.202411081344/tools/bin/../lib/gcc/arm-none-eabi/13.3.1/../../../../arm-none-eabi/lib/thumb/v7e-m+fp/hard\libc_nano.a(libc_a-findfp.o)
                              C:/ST/STM32CubeIDE_1.18.0/STM32CubeIDE/plugins/com.st.stm32cube.ide.mcu.externaltools.gnu-tools-for-stm32.13.3.rel1.win32_1.0.0.202411081344/tools/bin/../lib/gcc/arm-none-eabi/13.3.1/../../../../arm-none-eabi/lib/thumb/v7e-m+fp/hard\libc_nano.a(libc_a-exit.o) (__stdio_exit_handler)
C:/ST/STM32CubeIDE_1.18.0/STM32CubeIDE/plugins/com.st.stm32cube.ide.mcu.externaltools.gnu-tools-for-stm32.13.3.rel1.win32_1.0.0.202411081344/tools/bin/../lib/gcc/arm-none-eabi/13.3.1/../../../../arm-none-eabi/lib/thumb/v7e-m+fp/hard\libc_nano.a(libc_a-fwalk.o)
                              C:/ST/STM32CubeIDE_1.18.0/STM32CubeIDE/plugins/com.st.stm32cube.ide.mcu.externaltools.gnu-tools-for-stm32.13.3.rel1.win32_1.0.0.202411081344/tools/bin/../lib/gcc/arm-none-eabi/13.3.1/../../../../arm-none-eabi/lib/thumb/v7e-m+fp/hard\libc_nano.a(libc_a-findfp.o) (_fwalk_sglue)
C:/ST/STM32CubeIDE_1.18.0/STM32CubeIDE/plugins/com.st.stm32cube.ide.mcu.externaltools.gnu-tools-for-stm32.13.3.rel1.win32_1.0.0.202411081344/tools/bin/../lib/gcc/arm-none-eabi/13.3.1/../../../../arm-none-eabi/lib/thumb/v7e-m+fp/hard\libc_nano.a(libc_a-stdio.o)
                              C:/ST/STM32CubeIDE_1.18.0/STM32CubeIDE/plugins/com.st.stm32cube.ide.mcu.externaltools.gnu-tools-for-stm32.13.3.rel1.win32_1.0.0.202411081344/tools/bin/../lib/gcc/arm-none-eabi/13.3.1/../../../../arm-none-eabi/lib/thumb/v7e-m+fp/hard\libc_nano.a(libc_a-findfp.o) (__sread)
C:/ST/STM32CubeIDE_1.18.0/STM32CubeIDE/plugins/com.st.stm32cube.ide.mcu.externaltools.gnu-tools-for-stm32.13.3.rel1.win32_1.0.0.202411081344/tools/bin/../lib/gcc/arm-none-eabi/13.3.1/../../../../arm-none-eabi/lib/thumb/v7e-m+fp/hard\libc_nano.a(libc_a-memset.o)
                              C:/ST/STM32CubeIDE_1.18.0/STM32CubeIDE/plugins/com.st.stm32cube.ide.mcu.externaltools.gnu-tools-for-stm32.13.3.rel1.win32_1.0.0.202411081344/tools/bin/../lib/gcc/arm-none-eabi/13.3.1/../../../../arm-none-eabi/lib/thumb/v7e-m+fp/hard/crt0.o (memset)
C:/ST/STM32CubeIDE_1.18.0/STM32CubeIDE/plugins/com.st.stm32cube.ide.mcu.externaltools.gnu-tools-for-stm32.13.3.rel1.win32_1.0.0.202411081344/tools/bin/../lib/gcc/arm-none-eabi/13.3.1/../../../../arm-none-eabi/lib/thumb/v7e-m+fp/hard\libc_nano.a(libc_a-closer.o)
                              C:/ST/STM32CubeIDE_1.18.0/STM32CubeIDE/plugins/com.st.stm32cube.ide.mcu.externaltools.gnu-tools-for-stm32.13.3.rel1.win32_1.0.0.202411081344/tools/bin/../lib/gcc/arm-none-eabi/13.3.1/../../../../arm-none-eabi/lib/thumb/v7e-m+fp/hard\libc_nano.a(libc_a-stdio.o) (_close_r)
C:/ST/STM32CubeIDE_1.18.0/STM32CubeIDE/plugins/com.st.stm32cube.ide.mcu.externaltools.gnu-tools-for-stm32.13.3.rel1.win32_1.0.0.202411081344/tools/bin/../lib/gcc/arm-none-eabi/13.3.1/../../../../arm-none-eabi/lib/thumb/v7e-m+fp/hard\libc_nano.a(libc_a-reent.o)
                              C:/ST/STM32CubeIDE_1.18.0/STM32CubeIDE/plugins/com.st.stm32cube.ide.mcu.externaltools.gnu-tools-for-stm32.13.3.rel1.win32_1.0.0.202411081344/tools/bin/../lib/gcc/arm-none-eabi/13.3.1/../../../../arm-none-eabi/lib/thumb/v7e-m+fp/hard\libc_nano.a(libc_a-closer.o) (errno)
C:/ST/STM32CubeIDE_1.18.0/STM32CubeIDE/plugins/com.st.stm32cube.ide.mcu.externaltools.gnu-tools-for-stm32.13.3.rel1.win32_1.0.0.202411081344/tools/bin/../lib/gcc/arm-none-eabi/13.3.1/../../../../arm-none-eabi/lib/thumb/v7e-m+fp/hard\libc_nano.a(libc_a-impure.o)
                              C:/ST/STM32CubeIDE_1.18.0/STM32CubeIDE/plugins/com.st.stm32cube.ide.mcu.externaltools.gnu-tools-for-stm32.13.3.rel1.win32_1.0.0.202411081344/tools/bin/../lib/gcc/arm-none-eabi/13.3.1/../../../../arm-none-eabi/lib/thumb/v7e-m+fp/hard\libc_nano.a(libc_a-reent.o) (_impure_ptr)
C:/ST/STM32CubeIDE_1.18.0/STM32CubeIDE/plugins/com.st.stm32cube.ide.mcu.externaltools.gnu-tools-for-stm32.13.3.rel1.win32_1.0.0.202411081344/tools/bin/../lib/gcc/arm-none-eabi/13.3.1/../../../../arm-none-eabi/lib/thumb/v7e-m+fp/hard\libc_nano.a(libc_a-lseekr.o)
[...]
Memory Configuration

Name             Origin             Length             Attributes
CCMRAM           0x10000000         0x00010000         xrw
RAM              0x20000000         0x00020000         xrw
FLASH            0x08000000         0x00100000         xr
*default*        0x00000000         0xffffffff

Linker script and memory map

LOAD C:/ST/STM32CubeIDE_1.18.0/STM32CubeIDE/plugins/com.st.stm32cube.ide.mcu.externaltools.gnu-tools-for-stm32.13.3.rel1.win32_1.0.0.202411081344/tools/bin/../lib/gcc/arm-none-eabi/13.3.1/thumb/v7e-m+fp/hard/crti.o
LOAD C:/ST/STM32CubeIDE_1.18.0/STM32CubeIDE/plugins/com.st.stm32cube.ide.mcu.externaltools.gnu-tools-for-stm32.13.3.rel1.win32_1.0.0.202411081344/tools/bin/../lib/gcc/arm-none-eabi/13.3.1/thumb/v7e-m+fp/hard/crtbegin.o
LOAD C:/ST/STM32CubeIDE_1.18.0/STM32CubeIDE/plugins/com.st.stm32cube.ide.mcu.externaltools.gnu-tools-for-stm32.13.3.rel1.win32_1.0.0.202411081344/tools/bin/../lib/gcc/arm-none-eabi/13.3.1/../../../../arm-none-eabi/lib/thumb/v7e-m+fp/hard/crt0.o
LOAD ./Driver/src/stm32f407xx_gpio._driver.o
LOAD ./Driver/src/stm32f407xx_rcc_driver.o
LOAD ./Driver/src/stm32f407xx_uart_driver.o
LOAD ./Src/syscalls.o
LOAD ./Src/sysmem.o
LOAD ./Src/uart_putty.o
LOAD ./Startup/startup_stm32f407vgtx.o
START GROUP
LOAD C:/ST/STM32CubeIDE_1.18.0/STM32CubeIDE/plugins/com.st.stm32cube.ide.mcu.externaltools.gnu-tools-for-stm32.13.3.rel1.win32_1.0.0.202411081344/tools/bin/../lib/gcc/arm-none-eabi/13.3.1/../../../../arm-none-eabi/lib/thumb/v7e-m+fp/hard\libc_nano.a
LOAD C:/ST/STM32CubeIDE_1.18.0/STM32CubeIDE/plugins/com.st.stm32cube.ide.mcu.externaltools.gnu-tools-for-stm32.13.3.rel1.win32_1.0.0.202411081344/tools/bin/../lib/gcc/arm-none-eabi/13.3.1/../../../../arm-none-eabi/lib/thumb/v7e-m+fp/hard\libm.a
END GROUP
START GROUP
LOAD C:/ST/STM32CubeIDE_1.18.0/STM32CubeIDE/plugins/com.st.stm32cube.ide.mcu.externaltools.gnu-tools-for-stm32.13.3.rel1.win32_1.0.0.202411081344/tools/bin/../lib/gcc/arm-none-eabi/13.3.1/thumb/v7e-m+fp/hard\libgcc.a
LOAD C:/ST/STM32CubeIDE_1.18.0/STM32CubeIDE/plugins/com.st.stm32cube.ide.mcu.externaltools.gnu-tools-for-stm32.13.3.rel1.win32_1.0.0.202411081344/tools/bin/../lib/gcc/arm-none-eabi/13.3.1/../../../../arm-none-eabi/lib/thumb/v7e-m+fp/hard\libc_nano.a
END GROUP
START GROUP
LOAD C:/ST/STM32CubeIDE_1.18.0/STM32CubeIDE/plugins/com.st.stm32cube.ide.mcu.externaltools.gnu-tools-for-stm32.13.3.rel1.win32_1.0.0.202411081344/tools/bin/../lib/gcc/arm-none-eabi/13.3.1/thumb/v7e-m+fp/hard\libgcc.a
LOAD C:/ST/STM32CubeIDE_1.18.0/STM32CubeIDE/plugins/com.st.stm32cube.ide.mcu.externaltools.gnu-tools-for-stm32.13.3.rel1.win32_1.0.0.202411081344/tools/bin/../lib/gcc/arm-none-eabi/13.3.1/../../../../arm-none-eabi/lib/thumb/v7e-m+fp/hard\libc_nano.a
LOAD C:/ST/STM32CubeIDE_1.18.0/STM32CubeIDE/plugins/com.st.stm32cube.ide.mcu.externaltools.gnu-tools-for-stm32.13.3.rel1.win32_1.0.0.202411081344/tools/bin/../lib/gcc/arm-none-eabi/13.3.1/../../../../arm-none-eabi/lib/thumb/v7e-m+fp/hard\libnosys.a
END GROUP
START GROUP
LOAD C:/ST/STM32CubeIDE_1.18.0/STM32CubeIDE/plugins/com.st.stm32cube.ide.mcu.externaltools.gnu-tools-for-stm32.13.3.rel1.win32_1.0.0.202411081344/tools/bin/../lib/gcc/arm-none-eabi/13.3.1/thumb/v7e-m+fp/hard\libgcc.a
LOAD C:/ST/STM32CubeIDE_1.18.0/STM32CubeIDE/plugins/com.st.stm32cube.ide.mcu.externaltools.gnu-tools-for-stm32.13.3.rel1.win32_1.0.0.202411081344/tools/bin/../lib/gcc/arm-none-eabi/13.3.1/../../../../arm-none-eabi/lib/thumb/v7e-m+fp/hard\libc_nano.a
LOAD C:/ST/STM32CubeIDE_1.18.0/STM32CubeIDE/plugins/com.st.stm32cube.ide.mcu.externaltools.gnu-tools-for-stm32.13.3.rel1.win32_1.0.0.202411081344/tools/bin/../lib/gcc/arm-none-eabi/13.3.1/../../../../arm-none-eabi/lib/thumb/v7e-m+fp/hard\libnosys.a
END GROUP
LOAD C:/ST/STM32CubeIDE_1.18.0/STM32CubeIDE/plugins/com.st.stm32cube.ide.mcu.externaltools.gnu-tools-for-stm32.13.3.rel1.win32_1.0.0.202411081344/tools/bin/../lib/gcc/arm-none-eabi/13.3.1/thumb/v7e-m+fp/hard/crtend.o
LOAD C:/ST/STM32CubeIDE_1.18.0/STM32CubeIDE/plugins/com.st.stm32cube.ide.mcu.externaltools.gnu-tools-for-stm32.13.3.rel1.win32_1.0.0.202411081344/tools/bin/../lib/gcc/arm-none-eabi/13.3.1/thumb/v7e-m+fp/hard/crtn.o
                0x20020000                        _estack = (ORIGIN (RAM) + LENGTH (RAM))
                0x00000200                        _Min_Heap_Size = 0x200
                0x00000400                        _Min_Stack_Size = 0x400

.isr_vector     0x08000000      0x188
                0x08000000                        . = ALIGN (0x4)
 *(.isr_vector)
 .isr_vector    0x08000000      0x188 ./Startup/startup_stm32f407vgtx.o
                0x08000000                g_pfnVectors
                0x08000188                        . = ALIGN (0x4)

.text           0x08000188      0xc74
                0x08000188                        . = ALIGN (0x4)
 *(.text)
 .text          0x08000188       0x40 C:/ST/STM32CubeIDE_1.18.0/STM32CubeIDE/plugins/com.st.stm32cube.ide.mcu.externaltools.gnu-tools-for-stm32.13.3.rel1.win32_1.0.0.202411081344/tools/bin/../lib/gcc/arm-none-eabi/13.3.1/thumb/v7e-m+fp/hard/crtbegin.o
 *(.text*)
 .text.GPIO_PeriClockControl
                0x080001c8      0x1d0 ./Driver/src/stm32f407xx_gpio._driver.o
                0x080001c8                GPIO_PeriClockControl
 .text.GPIO_Init
                0x08000398      0x330 ./Driver/src/stm32f407xx_gpio._driver.o
                0x08000398                GPIO_Init
 .text.RCC_GetPCLK1Value
                0x080006c8       0xb4 ./Driver/src/stm32f407xx_rcc_driver.o
                0x080006c8                RCC_GetPCLK1Value
 .text.RCC_GetPLLOutputClock
                0x0800077c       0x14 ./Driver/src/stm32f407xx_rcc_driver.o
                0x0800077c                RCC_GetPLLOutputClock
 .text.RCC_GetPCLK2Value
                0x08000790       0xa4 ./Driver/src/stm32f407xx_rcc_driver.o
                0x08000790                RCC_GetPCLK2Value
 .text.USART_PeriClockControl
                0x08000834      0x140 ./Driver/src/stm32f407xx_uart_driver.o
                0x08000834                USART_PeriClockControl
 .text.USART_PeripheralControl
                0x08000974       0x3c ./Driver/src/stm32f407xx_uart_driver.o
                0x08000974                USART_PeripheralControl
 .text.USART_GetFlagStatus
                0x080009b0       0x28 ./Driver/src/stm32f407xx_uart_driver.o
                0x080009b0                USART_GetFlagStatus
 .text.USART_SetBaudRate
                0x080009d8       0xe4 ./Driver/src/stm32f407xx_uart_driver.o
                0x080009d8                USART_SetBaudRate
 .text.USART_Init
                0x08000abc      0x102 ./Driver/src/stm32f407xx_uart_driver.o
                0x08000abc                USART_Init
 .text.USART_SendData
                0x08000bbe       0x96 ./Driver/src/stm32f407xx_uart_driver.o
                0x08000bbe                USART_SendData
 .text.USART2_Init
                0x08000c54       0x44 ./Src/uart_putty.o
                0x08000c54                USART2_Init
 .text.USART2_GPIOInit
                0x08000c98       0x44 ./Src/uart_putty.o
                0x08000c98                USART2_GPIOInit
 .text.delay    0x08000cdc       0x2c ./Src/uart_putty.o
                0x08000cdc                delay
 .text.main     0x08000d08       0x40 ./Src/uart_putty.o
                0x08000d08                main
 .text.Reset_Handler
                0x08000d48       0x50 ./Startup/startup_stm32f407vgtx.o
                0x08000d48                Reset_Handler
 .text.Default_Handler
                0x08000d98        0x2 ./Startup/startup_stm32f407vgtx.o
                0x08000d98                RTC_Alarm_IRQHandler
                0x08000d98                HASH_RNG_IRQHandler
                0x08000d98                EXTI2_IRQHandler
                0x08000d98                TIM8_CC_IRQHandler
                0x08000d98                DebugMon_Handler
                0x08000d98                TIM1_CC_IRQHandler
                0x08000d98                DMA2_Stream5_IRQHandler
                0x08000d98                HardFault_Handler
                0x08000d98                DMA1_Stream5_IRQHandler
                0x08000d98                SysTick_Handler
                0x08000d98                PVD_IRQHandler
                0x08000d98                SDIO_IRQHandler
                0x08000d98                TAMP_STAMP_IRQHandler
                0x08000d98                PendSV_Handler
                0x08000d98                NMI_Handler
                0x08000d98                CAN2_RX1_IRQHandler
                0x08000d98                EXTI3_IRQHandler
                0x08000d98                TIM8_TRG_COM_TIM14_IRQHandler
                0x08000d98                TIM1_UP_TIM10_IRQHandler
                0x08000d98                TIM8_UP_TIM13_IRQHandler
                0x08000d98                I2C3_ER_IRQHandler
                0x08000d98                EXTI0_IRQHandler
                0x08000d98                I2C2_EV_IRQHandler
                0x08000d98                DMA1_Stream2_IRQHandler
                0x08000d98                CAN1_RX0_IRQHandler
                0x08000d98                FPU_IRQHandler
                0x08000d98                OTG_HS_WKUP_IRQHandler
                0x08000d98                UsageFault_Handler
                0x08000d98                CAN2_SCE_IRQHandler
                0x08000d98                DMA2_Stream2_IRQHandler
                0x08000d98                SPI1_IRQHandler
                0x08000d98                TIM6_DAC_IRQHandler
                0x08000d98                TIM1_BRK_TIM9_IRQHandler
                0x08000d98                DCMI_IRQHandler
                0x08000d98                CAN2_RX0_IRQHandler
                0x08000d98                DMA2_Stream3_IRQHandler
                0x08000d98                USART6_IRQHandler
                0x08000d98                USART3_IRQHandler
                0x08000d98                CRYP_IRQHandler
                0x08000d98                CAN1_RX1_IRQHandler
                0x08000d98                UART5_IRQHandler
                0x08000d98                DMA2_Stream0_IRQHandler
                0x08000d98                TIM4_IRQHandler
                0x08000d98                I2C1_EV_IRQHandler
                0x08000d98                DMA1_Stream6_IRQHandler
                0x08000d98                DMA1_Stream1_IRQHandler
                0x08000d98                UART4_IRQHandler
                0x08000d98                TIM3_IRQHandler
                0x08000d98                RCC_IRQHandler
                0x08000d98                TIM8_BRK_TIM12_IRQHandler
                0x08000d98                Default_Handler
                0x08000d98                EXTI15_10_IRQHandler
                0x08000d98                ADC_IRQHandler
                0x08000d98                DMA1_Stream7_IRQHandler
                0x08000d98                TIM7_IRQHandler
                0x08000d98                CAN2_TX_IRQHandler
                0x08000d98                TIM5_IRQHandler
                0x08000d98                DMA2_Stream7_IRQHandler
                0x08000d98                I2C3_EV_IRQHandler
                0x08000d98                EXTI9_5_IRQHandler
                0x08000d98                RTC_WKUP_IRQHandler
                0x08000d98                ETH_WKUP_IRQHandler
                0x08000d98                SPI2_IRQHandler
                0x08000d98                OTG_HS_EP1_IN_IRQHandler
                0x08000d98                MemManage_Handler
                0x08000d98                DMA1_Stream0_IRQHandler
                0x08000d98                CAN1_TX_IRQHandler
                0x08000d98                SVC_Handler
                0x08000d98                EXTI4_IRQHandler
                0x08000d98                FSMC_IRQHandler
                0x08000d98                ETH_IRQHandler
                0x08000d98                OTG_HS_EP1_OUT_IRQHandler
                0x08000d98                WWDG_IRQHandler
                0x08000d98                TIM2_IRQHandler
                0x08000d98                OTG_FS_WKUP_IRQHandler
                0x08000d98                TIM1_TRG_COM_TIM11_IRQHandler
                0x08000d98                OTG_HS_IRQHandler
                0x08000d98                EXTI1_IRQHandler
                0x08000d98                USART2_IRQHandler
                0x08000d98                I2C2_ER_IRQHandler
                0x08000d98                DMA2_Stream1_IRQHandler
                0x08000d98                CAN1_SCE_IRQHandler
                0x08000d98                DMA2_Stream4_IRQHandler
                0x08000d98                BusFault_Handler
                0x08000d98                USART1_IRQHandler
                0x08000d98                OTG_FS_IRQHandler
                0x08000d98                SPI3_IRQHandler
                0x08000d98                DMA1_Stream4_IRQHandler
                0x08000d98                I2C1_ER_IRQHandler
                0x08000d98                DMA2_Stream6_IRQHandler
                0x08000d98                DMA1_Stream3_IRQHandler
 *fill*         0x08000d9a        0x2 
 .text.__libc_init_array
                0x08000d9c       0x48 C:/ST/STM32CubeIDE_1.18.0/STM32CubeIDE/plugins/com.st.stm32cube.ide.mcu.externaltools.gnu-tools-for-stm32.13.3.rel1.win32_1.0.0.202411081344/tools/bin/../lib/gcc/arm-none-eabi/13.3.1/../../../../arm-none-eabi/lib/thumb/v7e-m+fp/hard\libc_nano.a(libc_a-init.o)
                0x08000d9c                __libc_init_array
 *(.glue_7)
 .glue_7        0x08000de4        0x0 linker stubs
 *(.glue_7t)
 .glue_7t       0x08000de4        0x0 linker stubs
 *(.eh_frame)
 .eh_frame      0x08000de4        0x0 C:/ST/STM32CubeIDE_1.18.0/STM32CubeIDE/plugins/com.st.stm32cube.ide.mcu.externaltools.gnu-tools-for-stm32.13.3.rel1.win32_1.0.0.202411081344/tools/bin/../lib/gcc/arm-none-eabi/13.3.1/thumb/v7e-m+fp/hard/crtbegin.o
 *(.init)
 .init          0x08000de4        0x4 C:/ST/STM32CubeIDE_1.18.0/STM32CubeIDE/plugins/com.st.stm32cube.ide.mcu.externaltools.gnu-tools-for-stm32.13.3.rel1.win32_1.0.0.202411081344/tools/bin/../lib/gcc/arm-none-eabi/13.3.1/thumb/v7e-m+fp/hard/crti.o
                0x08000de4                _init
 .init          0x08000de8        0x8 C:/ST/STM32CubeIDE_1.18.0/STM32CubeIDE/plugins/com.st.stm32cube.ide.mcu.externaltools.gnu-tools-for-stm32.13.3.rel1.win32_1.0.0.202411081344/tools/bin/../lib/gcc/arm-none-eabi/13.3.1/thumb/v7e-m+fp/hard/crtn.o
 *(.fini)
 .fini          0x08000df0        0x4 C:/ST/STM32CubeIDE_1.18.0/STM32CubeIDE/plugins/com.st.stm32cube.ide.mcu.externaltools.gnu-tools-for-stm32.13.3.rel1.win32_1.0.0.202411081344/tools/bin/../lib/gcc/arm-none-eabi/13.3.1/thumb/v7e-m+fp/hard/crti.o
                0x08000df0                _fini
 .fini          0x08000df4        0x8 C:/ST/STM32CubeIDE_1.18.0/STM32CubeIDE/plugins/com.st.stm32cube.ide.mcu.externaltools.gnu-tools-for-stm32.13.3.rel1.win32_1.0.0.202411081344/tools/bin/../lib/gcc/arm-none-eabi/13.3.1/thumb/v7e-m+fp/hard/crtn.o
                0x08000dfc                        . = ALIGN (0x4)
                0x08000dfc                        _etext = .

.vfp11_veneer   0x08000dfc        0x0
 .vfp11_veneer  0x08000dfc        0x0 linker stubs

.v4_bx          0x08000dfc        0x0
 .v4_bx         0x08000dfc        0x0 linker stubs

.iplt           0x08000dfc        0x0
 .iplt          0x08000dfc        0x0 C:/ST/STM32CubeIDE_1.18.0/STM32CubeIDE/plugins/com.st.stm32cube.ide.mcu.externaltools.gnu-tools-for-stm32.13.3.rel1.win32_1.0.0.202411081344/tools/bin/../lib/gcc/arm-none-eabi/13.3.1/thumb/v7e-m+fp/hard/crtbegin.o

.rodata         0x08000dfc        0x4
                0x08000dfc                        . = ALIGN (0x4)
 *(.rodata)
 .rodata        0x08000dfc        0x4 ./Src/uart_putty.o
 *(.rodata*)
                0x08000e00                        . = ALIGN (0x4)

.ARM.extab      0x08000e00        0x0
                0x08000e00                        . = ALIGN (0x4)
 *(.ARM.extab* .gnu.linkonce.armextab.*)
                0x08000e00                        . = ALIGN (0x4)

.ARM            0x08000e00        0x0
                0x08000e00                        . = ALIGN (0x4)
                0x08000e00                        __exidx_start = .
 *(.ARM.exidx*)
                0x08000e00                        __exidx_end = .
                0x08000e00                        . = ALIGN (0x4)

.preinit_array  0x08000e00        0x0
                0x08000e00                        . = ALIGN (0x4)
                0x08000e00                        PROVIDE (__preinit_array_start = .)
 *(.preinit_array*)
                0x08000e00                        PROVIDE (__preinit_array_end = .)
                0x08000e00                        . = ALIGN (0x4)

.init_array     0x08000e00        0x4
                0x08000e00                        . = ALIGN (0x4)
                0x08000e00                        PROVIDE (__init_array_start = .)
 *(SORT_BY_NAME(.init_array.*))
 *(.init_array*)
 .init_array    0x08000e00        0x4 C:/ST/STM32CubeIDE_1.18.0/STM32CubeIDE/plugins/com.st.stm32cube.ide.mcu.externaltools.gnu-tools-for-stm32.13.3.rel1.win32_1.0.0.202411081344/tools/bin/../lib/gcc/arm-none-eabi/13.3.1/thumb/v7e-m+fp/hard/crtbegin.o
                0x08000e04                        PROVIDE (__init_array_end = .)
                0x08000e04                        . = ALIGN (0x4)

.fini_array     0x08000e04        0x4
                0x08000e04                        . = ALIGN (0x4)
                [!provide]                        PROVIDE (__fini_array_start = .)
 *(SORT_BY_NAME(.fini_array.*))
 *(.fini_array*)
 .fini_array    0x08000e04        0x4 C:/ST/STM32CubeIDE_1.18.0/STM32CubeIDE/plugins/com.st.stm32cube.ide.mcu.externaltools.gnu-tools-for-stm32.13.3.rel1.win32_1.0.0.202411081344/tools/bin/../lib/gcc/arm-none-eabi/13.3.1/thumb/v7e-m+fp/hard/crtbegin.o
                [!provide]                        PROVIDE (__fini_array_end = .)
                0x08000e08                        . = ALIGN (0x4)
                0x08000e08                        _sidata = LOADADDR (.data)

.rel.dyn        0x08000e08        0x0
 .rel.iplt      0x08000e08        0x0 C:/ST/STM32CubeIDE_1.18.0/STM32CubeIDE/plugins/com.st.stm32cube.ide.mcu.externaltools.gnu-tools-for-stm32.13.3.rel1.win32_1.0.0.202411081344/tools/bin/../lib/gcc/arm-none-eabi/13.3.1/thumb/v7e-m+fp/hard/crtbegin.o

.data           0x20000000       0x18 load address 0x08000e08
                0x20000000                        . = ALIGN (0x4)
                0x20000000                        _sdata = .
 *(.data)
 *(.data*)
 .data.AHB_PreScaler
                0x20000000       0x10 ./Driver/src/stm32f407xx_rcc_driver.o
                0x20000000                AHB_PreScaler
 .data.APB1_PreScaler
                0x20000010        0x8 ./Driver/src/stm32f407xx_rcc_driver.o
                0x20000010                APB1_PreScaler
 *(.RamFunc)
 *(.RamFunc*)
                0x20000018                        . = ALIGN (0x4)
                0x20000018                        _edata = .
                0x08000e20                        _siccmram = LOADADDR (.ccmram)

.igot.plt       0x20000018        0x0 load address 0x08000e20
 .igot.plt      0x20000018        0x0 C:/ST/STM32CubeIDE_1.18.0/STM32CubeIDE/plugins/com.st.stm32cube.ide.mcu.externaltools.gnu-tools-for-stm32.13.3.rel1.win32_1.0.0.202411081344/tools/bin/../lib/gcc/arm-none-eabi/13.3.1/thumb/v7e-m+fp/hard/crtbegin.o

.ccmram         0x10000000        0x0 load address 0x08000e20
                0x10000000                        . = ALIGN (0x4)
                0x10000000                        _sccmram = .
 *(.ccmram)
 *(.ccmram*)
                0x10000000                        . = ALIGN (0x4)
                0x10000000                        _eccmram = .
                0x10000000                        . = ALIGN (0x4)

.bss            0x20000018       0x40
                0x20000018                        _sbss = .
                0x20000018                        __bss_start__ = _sbss
 *(.bss)
 .bss           0x20000018       0x1c C:/ST/STM32CubeIDE_1.18.0/STM32CubeIDE/plugins/com.st.stm32cube.ide.mcu.externaltools.gnu-tools-for-stm32.13.3.rel1.win32_1.0.0.202411081344/tools/bin/../lib/gcc/arm-none-eabi/13.3.1/thumb/v7e-m+fp/hard/crtbegin.o
 *(.bss*)
 .bss.usart2_handle
                0x20000034       0x24 ./Src/uart_putty.o
                0x20000034                usart2_handle
 *(COMMON)
                0x20000058                        . = ALIGN (0x4)
                0x20000058                        _ebss = .
                0x20000058                        __bss_end__ = _ebss

._user_heap_stack
                0x20000058      0x600
                0x20000058                        . = ALIGN (0x8)
                [!provide]                        PROVIDE (end = .)
                0x20000058                        PROVIDE (_end = .)
                0x20000258                        . = (. + _Min_Heap_Size)
 *fill*         0x20000058      0x200 
                0x20000658                        . = (. + _Min_Stack_Size)
 *fill*         0x20000258      0x400 
                0x20000658                        . = ALIGN (0x8)

/DISCARD/
 libc.a(*)
 libm.a(*)
 libgcc.a(*)

.ARM.attributes
                0x00000000       0x30
 *(.ARM.attributes)
 .ARM.attributes
                0x00000000       0x22 C:/ST/STM32CubeIDE_1.18.0/STM32CubeIDE/plugins/com.st.stm32cube.ide.mcu.externaltools.gnu-tools-for-stm32.13.3.rel1.win32_1.0.0.202411081344/tools/bin/../lib/gcc/arm-none-eabi/13.3.1/thumb/v7e-m+fp/hard/crti.o
 .ARM.attributes
                0x00000022       0x34 C:/ST/STM32CubeIDE_1.18.0/STM32CubeIDE/plugins/com.st.stm32cube.ide.mcu.externaltools.gnu-tools-for-stm32.13.3.rel1.win32_1.0.0.202411081344/tools/bin/../lib/gcc/arm-none-eabi/13.3.1/thumb/v7e-m+fp/hard/crtbegin.o
 .ARM.attributes
                0x00000056       0x34 ./Driver/src/stm32f407xx_gpio._driver.o
 .ARM.attributes
                0x0000008a       0x34 ./Driver/src/stm32f407xx_rcc_driver.o
 .ARM.attributes
                0x000000be       0x34 ./Driver/src/stm32f407xx_uart_driver.o
 .ARM.attributes
                0x000000f2       0x34 ./Src/uart_putty.o
 .ARM.attributes
                0x00000126       0x21 ./Startup/startup_stm32f407vgtx.o
 .ARM.attributes
                0x00000147       0x34 C:/ST/STM32CubeIDE_1.18.0/STM32CubeIDE/plugins/com.st.stm32cube.ide.mcu.externaltools.gnu-tools-for-stm32.13.3.rel1.win32_1.0.0.202411081344/tools/bin/../lib/gcc/arm-none-eabi/13.3.1/../../../../arm-none-eabi/lib/thumb/v7e-m+fp/hard\libc_nano.a(libc_a-init.o)
 .ARM.attributes
                0x0000017b       0x22 C:/ST/STM32CubeIDE_1.18.0/STM32CubeIDE/plugins/com.st.stm32cube.ide.mcu.externaltools.gnu-tools-for-stm32.13.3.rel1.win32_1.0.0.202411081344/tools/bin/../lib/gcc/arm-none-eabi/13.3.1/thumb/v7e-m+fp/hard/crtn.o
OUTPUT(24_UART_Driver.elf elf32-littlearm)
LOAD linker stubs
LOAD C:/ST/STM32CubeIDE_1.18.0/STM32CubeIDE/plugins/com.st.stm32cube.ide.mcu.externaltools.gnu-tools-for-stm32.13.3.rel1.win32_1.0.0.202411081344/tools/bin/../lib/gcc/arm-none-eabi/13.3.1/../../../../arm-none-eabi/lib/thumb/v7e-m+fp/hard\libc.a
LOAD C:/ST/STM32CubeIDE_1.18.0/STM32CubeIDE/plugins/com.st.stm32cube.ide.mcu.externaltools.gnu-tools-for-stm32.13.3.rel1.win32_1.0.0.202411081344/tools/bin/../lib/gcc/arm-none-eabi/13.3.1/../../../../arm-none-eabi/lib/thumb/v7e-m+fp/hard\libm.a
LOAD C:/ST/STM32CubeIDE_1.18.0/STM32CubeIDE/plugins/com.st.stm32cube.ide.mcu.externaltools.gnu-tools-for-stm32.13.3.rel1.win32_1.0.0.202411081344/tools/bin/../lib/gcc/arm-none-eabi/13.3.1/thumb/v7e-m+fp/hard\libgcc.a

.debug_info     0x00000000     0x174f
 .debug_info    0x00000000      0x721 ./Driver/src/stm32f407xx_gpio._driver.o
 .debug_info    0x00000721      0x380 ./Driver/src/stm32f407xx_rcc_driver.o
 .debug_info    0x00000aa1      0x7d4 ./Driver/src/stm32f407xx_uart_driver.o
 .debug_info    0x00001275      0x4aa ./Src/uart_putty.o
 .debug_info    0x0000171f       0x30 ./Startup/startup_stm32f407vgtx.o

.debug_abbrev   0x00000000      0x5ff
 .debug_abbrev  0x00000000      0x178 ./Driver/src/stm32f407xx_gpio._driver.o
 .debug_abbrev  0x00000178      0x113 ./Driver/src/stm32f407xx_rcc_driver.o
 .debug_abbrev  0x0000028b      0x1e5 ./Driver/src/stm32f407xx_uart_driver.o
 .debug_abbrev  0x00000470      0x16b ./Src/uart_putty.o
 .debug_abbrev  0x000005db       0x24 ./Startup/startup_stm32f407vgtx.o

.debug_aranges  0x00000000      0x190
 .debug_aranges
                0x00000000       0x70 ./Driver/src/stm32f407xx_gpio._driver.o
 .debug_aranges
                0x00000070       0x30 ./Driver/src/stm32f407xx_rcc_driver.o
 .debug_aranges
                0x000000a0       0x88 ./Driver/src/stm32f407xx_uart_driver.o
 .debug_aranges
                0x00000128       0x40 ./Src/uart_putty.o
 .debug_aranges
                0x00000168       0x28 ./Startup/startup_stm32f407vgtx.o

.debug_rnglists
                0x00000000      0x120
 .debug_rnglists
                0x00000000       0x53 ./Driver/src/stm32f407xx_gpio._driver.o
 .debug_rnglists
                0x00000053       0x21 ./Driver/src/stm32f407xx_rcc_driver.o
 .debug_rnglists
                0x00000074       0x68 ./Driver/src/stm32f407xx_uart_driver.o
 .debug_rnglists
                0x000000dc       0x2b ./Src/uart_putty.o
 .debug_rnglists
                0x00000107       0x19 ./Startup/startup_stm32f407vgtx.o

.debug_macro    0x00000000     0x1dab
 .debug_macro   0x00000000       0xa3 ./Driver/src/stm32f407xx_gpio._driver.o
 .debug_macro   0x000000a3      0xae4 ./Driver/src/stm32f407xx_gpio._driver.o
 .debug_macro   0x00000b87       0x22 ./Driver/src/stm32f407xx_gpio._driver.o
 .debug_macro   0x00000ba9       0x8e ./Driver/src/stm32f407xx_gpio._driver.o
 .debug_macro   0x00000c37       0x51 ./Driver/src/stm32f407xx_gpio._driver.o
 .debug_macro   0x00000c88      0x103 ./Driver/src/stm32f407xx_gpio._driver.o
 .debug_macro   0x00000d8b       0x6a ./Driver/src/stm32f407xx_gpio._driver.o
 .debug_macro   0x00000df5      0x1df ./Driver/src/stm32f407xx_gpio._driver.o
 .debug_macro   0x00000fd4      0x190 ./Driver/src/stm32f407xx_gpio._driver.o
 .debug_macro   0x00001164      0x731 ./Driver/src/stm32f407xx_gpio._driver.o
 .debug_macro   0x00001895      0x100 ./Driver/src/stm32f407xx_gpio._driver.o
 .debug_macro   0x00001995       0xc4 ./Driver/src/stm32f407xx_gpio._driver.o
 .debug_macro   0x00001a59       0xa3 ./Driver/src/stm32f407xx_rcc_driver.o
 .debug_macro   0x00001afc       0xad ./Driver/src/stm32f407xx_uart_driver.o
 .debug_macro   0x00001ba9      0x171 ./Src/uart_putty.o
 .debug_macro   0x00001d1a       0x61 ./Src/uart_putty.o
 .debug_macro   0x00001d7b       0x10 ./Src/uart_putty.o
 .debug_macro   0x00001d8b       0x20 ./Src/uart_putty.o

.debug_line     0x00000000     0x2213
 .debug_line    0x00000000      0xa06 ./Driver/src/stm32f407xx_gpio._driver.o
 .debug_line    0x00000a06      0x56b ./Driver/src/stm32f407xx_rcc_driver.o
 .debug_line    0x00000f71      0xb71 ./Driver/src/stm32f407xx_uart_driver.o
 .debug_line    0x00001ae2      0x6b6 ./Src/uart_putty.o
 .debug_line    0x00002198       0x7b ./Startup/startup_stm32f407vgtx.o

.debug_str      0x00000000     0x9daa
 .debug_str     0x00000000     0x9daa ./Driver/src/stm32f407xx_gpio._driver.o
                               0x698f (size before relaxing)
 .debug_str     0x00009daa     0x67c6 ./Driver/src/stm32f407xx_rcc_driver.o
 .debug_str     0x00009daa     0x6a12 ./Driver/src/stm32f407xx_uart_driver.o
 .debug_str     0x00009daa     0x9a89 ./Src/uart_putty.o
 .debug_str     0x00009daa       0x5d ./Startup/startup_stm32f407vgtx.o

.comment        0x00000000       0x43
 .comment       0x00000000       0x43 ./Driver/src/stm32f407xx_gpio._driver.o
                                 0x44 (size before relaxing)
 .comment       0x00000043       0x44 ./Driver/src/stm32f407xx_rcc_driver.o
 .comment       0x00000043       0x44 ./Driver/src/stm32f407xx_uart_driver.o
 .comment       0x00000043       0x44 ./Src/uart_putty.o

.debug_frame    0x00000000      0x558
 .debug_frame   0x00000000      0x1c8 ./Driver/src/stm32f407xx_gpio._driver.o
 .debug_frame   0x000001c8       0x7c ./Driver/src/stm32f407xx_rcc_driver.o
 .debug_frame   0x00000244      0x230 ./Driver/src/stm32f407xx_uart_driver.o
 .debug_frame   0x00000474       0xb8 ./Src/uart_putty.o
 .debug_frame   0x0000052c       0x2c C:/ST/STM32CubeIDE_1.18.0/STM32CubeIDE/plugins/com.st.stm32cube.ide.mcu.externaltools.gnu-tools-for-stm32.13.3.rel1.win32_1.0.0.202411081344/tools/bin/../lib/gcc/arm-none-eabi/13.3.1/../../../../arm-none-eabi/lib/thumb/v7e-m+fp/hard\libc_nano.a(libc_a-init.o)

.debug_line_str
                0x00000000       0x41
 .debug_line_str
                0x00000000       0x41 ./Startup/startup_stm32f407vgtx.o
