../Core/Src/main.c:76:6:delay	16	static
../Core/Src/main.c:91:6:HAL_TIM_IC_CaptureCallback	16	static
../Core/Src/main.c:128:6:HCSR04_Read	8	static
../Core/Src/main.c:142:5:main	8	static
../Core/Src/main.c:204:6:SystemClock_Config	88	static
../Core/Src/main.c:250:13:MX_I2C1_Init	8	static
../Core/Src/main.c:284:13:MX_I2S3_Init	8	static
../Core/Src/main.c:318:13:MX_SPI1_Init	8	static
../Core/Src/main.c:356:13:MX_TIM2_Init	32	static
../Core/Src/main.c:404:13:MX_USART2_UART_Init	8	static
../Core/Src/main.c:437:13:MX_GPIO_Init	56	static
../Core/Src/main.c:548:6:Error_Handler	4	static,ignoring_inline_asm
