../Core/Src/main.c:75:5:__io_putchar	16	static
../Core/Src/main.c:86:5:main	8	static
../Core/Src/main.c:134:6:RTC_PrintTimeDate	32	static
../Core/Src/main.c:149:6:SystemClock_Config	88	static
../Core/Src/main.c:196:13:MX_I2C1_Init	8	static
../Core/Src/main.c:230:13:MX_I2S3_Init	8	static
../Core/Src/main.c:264:13:MX_RTC_Init	32	static
../Core/Src/main.c:327:13:MX_SPI1_Init	8	static
../Core/Src/main.c:365:13:MX_USART2_UART_Init	8	static
../Core/Src/main.c:398:13:MX_GPIO_Init	56	static
../Core/Src/main.c:499:6:Error_Handler	4	static,ignoring_inline_asm
